// Jest Snapshot v1, https://goo.gl/fbAQLP

exports[`Characters matches a Characters snapshot 1`] = `
<ul>
  <li
    key="5cf5679a915ecad153ab68d3"
  >
    <Character
      affiliation="Air Nomads Team Avatar"
      id="5cf5679a915ecad153ab68d3"
      image="https://vignette.wikia.nocookie.net/avatar/images/6/65/Appa_flying.png/revision/latest?cb=20140517110636"
      name="Appa"
    />
  </li>
  <li
    key="5cf5679a915ecad153ab68d6"
  >
    <Character
      affiliation="Northern Water Tribe"
      id="5cf5679a915ecad153ab68d6"
      image="https://vignette.wikia.nocookie.net/avatar/images/0/0c/Chief.png/revision/latest?cb=20140122221730"
      name="Arnook"
    />
  </li>
</ul>
`;
